node.exe : npm warn Unknown env 
config "build-from-source". This 
will stop working in the next major 
version of npm.
En C:\Program Files\nodejs\npm.ps1: 
29 Carácter: 3
+   & $NODE_EXE $NPM_CLI_JS $args
+   ~~~~~~~~~~~~~~~~~~~~~~~~~~~~~
    + CategoryInfo          : NotSp 
   ecified: (npm warn Unknow...ver  
  sion of npm.:String) [], Remote   
 Exception
    + FullyQualifiedErrorId : Nativ 
   eCommandError
 

> inmob@0.1.0 build
> next build

[baseline-browser-mapping] The data 
in this module is over two months 
old.  To ensure accurate Baseline 
data, please update: `npm i 
baseline-browser-mapping@latest -D`
   Ôû▓ Next.js 16.0.8 (Turbopack)
   - Environments: .env

   Creating an optimized production build ...
[baseline-browser-mapping] The data 
in this module is over two months 
old.  To ensure accurate Baseline 
data, please update: `npm i 
baseline-browser-mapping@latest -D`
 Ô£ô Compiled successfully in 1524.3ms
   Running TypeScript ...
   Collecting page data using 11 workers ...
[baseline-browser-mapping] The data 
in this module is over two months 
old.  To ensure accurate Baseline 
data, please update: `npm i 
baseline-browser-mapping@latest -D`
[baseline-browser-mapping] The data 
in this module is over two months 
old.  To ensure accurate Baseline 
data, please update: `npm i 
baseline-browser-mapping@latest -D`
[baseline-browser-mapping] The data 
in this module is over two months 
old.  To ensure accurate Baseline 
data, please update: `npm i 
baseline-browser-mapping@latest -D`
[baseline-browser-mapping] The data 
in this module is over two months 
old.  To ensure accurate Baseline 
data, please update: `npm i 
baseline-browser-mapping@latest -D`
[baseline-browser-mapping] The data 
in this module is over two months 
old.  To ensure accurate Baseline 
data, please update: `npm i 
baseline-browser-mapping@latest -D`
[baseline-browser-mapping] The data 
in this module is over two months 
old.  To ensure accurate Baseline 
data, please update: `npm i 
baseline-browser-mapping@latest -D`
[baseline-browser-mapping] The data 
in this module is over two months 
old.  To ensure accurate Baseline 
data, please update: `npm i 
baseline-browser-mapping@latest -D`
[baseline-browser-mapping] The data 
in this module is over two months 
old.  To ensure accurate Baseline 
data, please update: `npm i 
baseline-browser-mapping@latest -D`
[baseline-browser-mapping] The data 
in this module is over two months 
old.  To ensure accurate Baseline 
data, please update: `npm i 
baseline-browser-mapping@latest -D`
[baseline-browser-mapping] The data 
in this module is over two months 
old.  To ensure accurate Baseline 
data, please update: `npm i 
baseline-browser-mapping@latest -D`
[baseline-browser-mapping] The data 
in this module is over two months 
old.  To ensure accurate Baseline 
data, please update: `npm i 
baseline-browser-mapping@latest -D`
Error: export const dynamic = 
"force-static"/export const 
revalidate not configured on route 
"/api/properties/[id]" with 
"output: export". See more info 
here: https://nextjs.org/docs/advanc
ed-features/static-html-export
    at module evaluation (C:\Users\n
icor\OneDrive\Escritorio\inmob\.next
\server\chunks\[root-of-the-server]_
_ec459093._.js:1:3906)
    at instantiateModule (C:\Users\n
icor\OneDrive\Escritorio\inmob\.next
\server\chunks\[turbopack]_runtime.j
s:715:9)
    at instantiateRuntimeModule (C:\
Users\nicor\OneDrive\Escritorio\inmo
b\.next\server\chunks\[turbopack]_ru
ntime.js:743:12)
    at 
getOrInstantiateRuntimeModule (C:\Us
ers\nicor\OneDrive\Escritorio\inmob\
.next\server\chunks\[turbopack]_runt
ime.js:756:12)
    at Object.m (C:\Users\nicor\OneD
rive\Escritorio\inmob\.next\server\c
hunks\[turbopack]_runtime.js:765:18)
    at Object.<anonymous> (C:\Users\
nicor\OneDrive\Escritorio\inmob\.nex
t\server\app\api\properties\[id]\rou
te.js:5:3)
Error: export const dynamic = 
"force-static"/export const 
revalidate not configured on route 
"/api/properties" with "output: 
export". See more info here: https:/
/nextjs.org/docs/advanced-features/s
tatic-html-export
    at module evaluation (C:\Users\n
icor\OneDrive\Escritorio\inmob\.next
\server\chunks\[root-of-the-server]_
_ffce0d2f._.js:1:3328)
    at instantiateModule (C:\Users\n
icor\OneDrive\Escritorio\inmob\.next
\server\chunks\[turbopack]_runtime.j
s:715:9)
    at instantiateRuntimeModule (C:\
Users\nicor\OneDrive\Escritorio\inmo
b\.next\server\chunks\[turbopack]_ru
ntime.js:743:12)
    at 
getOrInstantiateRuntimeModule (C:\Us
ers\nicor\OneDrive\Escritorio\inmob\
.next\server\chunks\[turbopack]_runt
ime.js:756:12)
    at Object.m (C:\Users\nicor\OneD
rive\Escritorio\inmob\.next\server\c
hunks\[turbopack]_runtime.js:765:18)
    at Object.<anonymous> (C:\Users\
nicor\OneDrive\Escritorio\inmob\.nex
t\server\app\api\properties\route.js
:5:3)

> Build error occurred
Error: Failed to collect page data 
for /api/properties/[id]
    at ignore-listed frames {
  type: 'Error'
}
